// Vitest Snapshot v1, https://vitest.dev/guide/snapshot.html

exports[`Combobox > snapshots > empty (no value) 1`] = `
<button
  aria-controls="radix-:r4:"
  aria-expanded="false"
  aria-haspopup="dialog"
  class="inline-flex items-center gap-1.5 transition-[color,background-color,border-color,transform] duration-100 disabled:pointer-events-none disabled:opacity-50 [&_svg]:pointer-events-none [&_svg]:shrink-0 active:scale-[0.97] rounded-md whitespace-nowrap focus-visible:outline-none focus-visible:ring-2 focus-visible:ring-offset-1 bg-transparent hover:bg-muted/50 active:bg-muted focus-visible:ring-ring [&_svg]:size-4 h-9 w-full justify-between border border-subtle px-3 text-sm font-normal text-muted-foreground"
  data-state="closed"
  role="combobox"
  type="button"
>
  <span
    class="truncate"
  >
    Select...
  </span>
  <div
    class="flex items-center gap-1 shrink-0"
  >
    <svg
      class="lucide lucide-chevrons-up-down h-4 w-4 shrink-0 text-muted-foreground"
      fill="none"
      height="24"
      stroke="currentColor"
      stroke-linecap="round"
      stroke-linejoin="round"
      stroke-width="2"
      viewBox="0 0 24 24"
      width="24"
      xmlns="http://www.w3.org/2000/svg"
    >
      <path
        d="m7 15 5 5 5-5"
      />
      <path
        d="m7 9 5-5 5 5"
      />
    </svg>
  </div>
</button>
`;

exports[`Combobox > snapshots > with error state 1`] = `
<button
  aria-controls="radix-:r6:"
  aria-expanded="false"
  aria-haspopup="dialog"
  class="inline-flex items-center gap-1.5 transition-[color,background-color,border-color,transform] duration-100 disabled:pointer-events-none disabled:opacity-50 [&_svg]:pointer-events-none [&_svg]:shrink-0 active:scale-[0.97] rounded-md whitespace-nowrap focus-visible:outline-none focus-visible:ring-2 focus-visible:ring-offset-1 bg-transparent hover:bg-muted/50 active:bg-muted focus-visible:ring-ring [&_svg]:size-4 h-9 w-full justify-between border px-3 text-sm font-normal text-muted-foreground border-destructive"
  data-state="closed"
  role="combobox"
  type="button"
>
  <span
    class="truncate"
  >
    Select...
  </span>
  <div
    class="flex items-center gap-1 shrink-0"
  >
    <svg
      class="lucide lucide-chevrons-up-down h-4 w-4 shrink-0 text-muted-foreground"
      fill="none"
      height="24"
      stroke="currentColor"
      stroke-linecap="round"
      stroke-linejoin="round"
      stroke-width="2"
      viewBox="0 0 24 24"
      width="24"
      xmlns="http://www.w3.org/2000/svg"
    >
      <path
        d="m7 15 5 5 5-5"
      />
      <path
        d="m7 9 5-5 5 5"
      />
    </svg>
  </div>
</button>
`;

exports[`Combobox > snapshots > with selected value 1`] = `
<button
  aria-controls="radix-:r5:"
  aria-expanded="false"
  aria-haspopup="dialog"
  class="inline-flex items-center gap-1.5 transition-[color,background-color,border-color,transform] duration-100 disabled:pointer-events-none disabled:opacity-50 [&_svg]:pointer-events-none [&_svg]:shrink-0 active:scale-[0.97] rounded-md whitespace-nowrap focus-visible:outline-none focus-visible:ring-2 focus-visible:ring-offset-1 bg-transparent text-foreground hover:bg-muted/50 active:bg-muted focus-visible:ring-ring [&_svg]:size-4 h-9 w-full justify-between border border-subtle px-3 text-sm font-normal"
  data-state="closed"
  role="combobox"
  type="button"
>
  <span
    class="truncate"
  >
    Option A
  </span>
  <div
    class="flex items-center gap-1 shrink-0"
  >
    <span
      aria-label="Clear selection"
      class="rounded-sm p-0.5 hover:bg-muted min-w-11 min-h-11 flex items-center justify-center"
      role="button"
      tabindex="0"
    >
      <svg
        class="lucide lucide-x h-3.5 w-3.5 text-muted-foreground"
        fill="none"
        height="24"
        stroke="currentColor"
        stroke-linecap="round"
        stroke-linejoin="round"
        stroke-width="2"
        viewBox="0 0 24 24"
        width="24"
        xmlns="http://www.w3.org/2000/svg"
      >
        <path
          d="M18 6 6 18"
        />
        <path
          d="m6 6 12 12"
        />
      </svg>
    </span>
    <svg
      class="lucide lucide-chevrons-up-down h-4 w-4 shrink-0 text-muted-foreground"
      fill="none"
      height="24"
      stroke="currentColor"
      stroke-linecap="round"
      stroke-linejoin="round"
      stroke-width="2"
      viewBox="0 0 24 24"
      width="24"
      xmlns="http://www.w3.org/2000/svg"
    >
      <path
        d="m7 15 5 5 5-5"
      />
      <path
        d="m7 9 5-5 5 5"
      />
    </svg>
  </div>
</button>
`;
