// Vitest Snapshot v1, https://vitest.dev/guide/snapshot.html

exports[`NavigationMenuBlock > snapshots > renders nav 1`] = `
<nav
  aria-label="Main"
  class="relative z-10 flex max-w-max flex-1 items-center justify-center"
  data-orientation="horizontal"
  dir="ltr"
>
  <div
    style="position: relative;"
  >
    <ul
      class="group flex-1 list-none justify-center space-x-1 flex items-center gap-1"
      data-orientation="horizontal"
      dir="ltr"
    >
      <li>
        <a
          class="group inline-flex h-9 w-max items-center justify-center rounded-md bg-background px-4 py-2 transition-colors hover:bg-accent hover:text-accent-foreground focus:bg-accent focus:text-accent-foreground focus:outline-none disabled:pointer-events-none disabled:opacity-50 data-[state=open]:text-accent-foreground data-[state=open]:bg-accent/50 data-[state=open]:hover:bg-accent data-[state=open]:focus:bg-accent text-base font-semibold focus-visible:outline-none focus-visible:ring-2 focus-visible:ring-ring"
          data-radix-collection-item=""
          href="/"
        >
          Home
        </a>
      </li>
      <li>
        <a
          class="group inline-flex h-9 w-max items-center justify-center rounded-md bg-background px-4 py-2 transition-colors hover:bg-accent hover:text-accent-foreground focus:bg-accent focus:text-accent-foreground focus:outline-none disabled:pointer-events-none disabled:opacity-50 data-[state=open]:text-accent-foreground data-[state=open]:bg-accent/50 data-[state=open]:hover:bg-accent data-[state=open]:focus:bg-accent text-base font-semibold focus-visible:outline-none focus-visible:ring-2 focus-visible:ring-ring"
          data-radix-collection-item=""
          href="/about"
        >
          About
        </a>
      </li>
      <li>
        <button
          aria-controls="radix-:rc:-content-radix-:rf:"
          aria-expanded="false"
          class="group inline-flex h-9 w-max items-center justify-center rounded-md bg-background px-4 py-2 transition-colors hover:bg-accent hover:text-accent-foreground focus:bg-accent focus:text-accent-foreground focus:outline-none disabled:pointer-events-none disabled:opacity-50 data-[state=open]:text-accent-foreground data-[state=open]:bg-accent/50 data-[state=open]:hover:bg-accent data-[state=open]:focus:bg-accent group text-base font-semibold focus-visible:outline-none focus-visible:ring-2 focus-visible:ring-ring"
          data-radix-collection-item=""
          data-state="closed"
          id="radix-:rc:-trigger-radix-:rf:"
        >
          Products
           
          <svg
            aria-hidden="true"
            class="lucide lucide-chevron-down relative top-[1px] ml-1 h-3 w-3 transition duration-300 group-data-[state=open]:rotate-180"
            fill="none"
            height="24"
            stroke="currentColor"
            stroke-linecap="round"
            stroke-linejoin="round"
            stroke-width="2"
            viewBox="0 0 24 24"
            width="24"
            xmlns="http://www.w3.org/2000/svg"
          >
            <path
              d="m6 9 6 6 6-6"
            />
          </svg>
        </button>
      </li>
    </ul>
  </div>
  <div
    class="absolute left-0 top-full flex justify-center"
  />
</nav>
`;
