// Vitest Snapshot v1, https://vitest.dev/guide/snapshot.html

exports[`Button > snapshots > basic / default 1`] = `
<button
  class="inline-flex items-center justify-center gap-1.5 transition-[color,background-color,border-color,transform] duration-100 disabled:pointer-events-none disabled:opacity-50 [&_svg]:pointer-events-none [&_svg]:shrink-0 hover:text-foreground active:scale-[0.97] rounded-md whitespace-nowrap focus-visible:outline-none focus-visible:ring-2 focus-visible:ring-offset-1 bg-muted text-foreground font-normal hover:bg-muted/50 active:bg-muted focus-visible:ring-ring h-8 px-2.5 text-base [&_svg]:size-4"
>
  Label
</button>
`;

exports[`Button > snapshots > basic / lg 1`] = `
<button
  class="inline-flex items-center justify-center gap-1.5 transition-[color,background-color,border-color,transform] duration-100 disabled:pointer-events-none disabled:opacity-50 [&_svg]:pointer-events-none [&_svg]:shrink-0 hover:text-foreground active:scale-[0.97] rounded-md whitespace-nowrap focus-visible:outline-none focus-visible:ring-2 focus-visible:ring-offset-1 bg-muted text-foreground font-normal hover:bg-muted/50 active:bg-muted focus-visible:ring-ring h-10 px-3.5 text-lg [&_svg]:size-5"
>
  Label
</button>
`;

exports[`Button > snapshots > basic / sm 1`] = `
<button
  class="inline-flex items-center justify-center gap-1.5 transition-[color,background-color,border-color,transform] duration-100 disabled:pointer-events-none disabled:opacity-50 [&_svg]:pointer-events-none [&_svg]:shrink-0 hover:text-foreground active:scale-[0.97] rounded-md whitespace-nowrap focus-visible:outline-none focus-visible:ring-2 focus-visible:ring-offset-1 bg-muted text-foreground font-normal hover:bg-muted/50 active:bg-muted focus-visible:ring-ring h-6 px-1.5 text-sm [&_svg]:size-3"
>
  Label
</button>
`;

exports[`Button > snapshots > destructive / default 1`] = `
<button
  class="inline-flex items-center justify-center gap-1.5 transition-[color,background-color,border-color,transform] duration-100 disabled:pointer-events-none disabled:opacity-50 [&_svg]:pointer-events-none [&_svg]:shrink-0 active:scale-[0.97] rounded-md whitespace-nowrap focus-visible:outline-none focus-visible:ring-2 focus-visible:ring-offset-1 bg-destructive text-destructive-foreground font-normal hover:bg-destructive/90 active:bg-destructive/85 focus-visible:ring-ring-destructive h-8 px-2.5 text-base [&_svg]:size-4"
>
  Label
</button>
`;

exports[`Button > snapshots > destructive / lg 1`] = `
<button
  class="inline-flex items-center justify-center gap-1.5 transition-[color,background-color,border-color,transform] duration-100 disabled:pointer-events-none disabled:opacity-50 [&_svg]:pointer-events-none [&_svg]:shrink-0 active:scale-[0.97] rounded-md whitespace-nowrap focus-visible:outline-none focus-visible:ring-2 focus-visible:ring-offset-1 bg-destructive text-destructive-foreground font-normal hover:bg-destructive/90 active:bg-destructive/85 focus-visible:ring-ring-destructive h-10 px-3.5 text-lg [&_svg]:size-5"
>
  Label
</button>
`;

exports[`Button > snapshots > destructive / sm 1`] = `
<button
  class="inline-flex items-center justify-center gap-1.5 transition-[color,background-color,border-color,transform] duration-100 disabled:pointer-events-none disabled:opacity-50 [&_svg]:pointer-events-none [&_svg]:shrink-0 active:scale-[0.97] rounded-md whitespace-nowrap focus-visible:outline-none focus-visible:ring-2 focus-visible:ring-offset-1 bg-destructive text-destructive-foreground font-normal hover:bg-destructive/90 active:bg-destructive/85 focus-visible:ring-ring-destructive h-6 px-1.5 text-sm [&_svg]:size-3"
>
  Label
</button>
`;

exports[`Button > snapshots > iconOnly / default 1`] = `
<button
  class="inline-flex items-center justify-center gap-1.5 transition-[color,background-color,border-color,transform] duration-100 disabled:pointer-events-none disabled:opacity-50 [&_svg]:pointer-events-none [&_svg]:shrink-0 active:scale-[0.97] text-[13px] rounded-md whitespace-nowrap focus-visible:outline-none focus-visible:ring-2 focus-visible:ring-offset-1 bg-primary text-primary-foreground font-normal hover:bg-primary/90 active:bg-primary/85 focus-visible:ring-ring h-8 w-8 p-0 [&_svg]:size-4"
>
  icon
</button>
`;

exports[`Button > snapshots > link / default 1`] = `
<button
  class="inline-flex items-center justify-center gap-1.5 transition-[color,background-color,border-color,transform] duration-100 disabled:pointer-events-none disabled:opacity-50 [&_svg]:pointer-events-none [&_svg]:shrink-0 rounded-md whitespace-nowrap focus-visible:outline-none focus-visible:ring-2 focus-visible:ring-offset-1 bg-transparent text-primary font-normal underline-offset-2 hover:underline hover:text-primary/80 active:text-primary/70 focus-visible:ring-ring h-8 px-2.5 text-base [&_svg]:size-4"
>
  Label
</button>
`;

exports[`Button > snapshots > link / lg 1`] = `
<button
  class="inline-flex items-center justify-center gap-1.5 transition-[color,background-color,border-color,transform] duration-100 disabled:pointer-events-none disabled:opacity-50 [&_svg]:pointer-events-none [&_svg]:shrink-0 rounded-md whitespace-nowrap focus-visible:outline-none focus-visible:ring-2 focus-visible:ring-offset-1 bg-transparent text-primary font-normal underline-offset-2 hover:underline hover:text-primary/80 active:text-primary/70 focus-visible:ring-ring h-10 px-3.5 text-lg [&_svg]:size-5"
>
  Label
</button>
`;

exports[`Button > snapshots > link / sm 1`] = `
<button
  class="inline-flex items-center justify-center gap-1.5 transition-[color,background-color,border-color,transform] duration-100 disabled:pointer-events-none disabled:opacity-50 [&_svg]:pointer-events-none [&_svg]:shrink-0 rounded-md whitespace-nowrap focus-visible:outline-none focus-visible:ring-2 focus-visible:ring-offset-1 bg-transparent text-primary font-normal underline-offset-2 hover:underline hover:text-primary/80 active:text-primary/70 focus-visible:ring-ring h-6 px-1.5 text-sm [&_svg]:size-3"
>
  Label
</button>
`;

exports[`Button > snapshots > outline / default 1`] = `
<button
  class="inline-flex items-center justify-center gap-1.5 transition-[color,background-color,border-color,transform] duration-100 disabled:pointer-events-none disabled:opacity-50 [&_svg]:pointer-events-none [&_svg]:shrink-0 active:scale-[0.97] rounded-md whitespace-nowrap focus-visible:outline-none focus-visible:ring-2 focus-visible:ring-offset-1 border border-border bg-transparent text-foreground font-normal hover:bg-muted/50 active:bg-muted focus-visible:ring-ring h-8 px-2.5 text-base [&_svg]:size-4"
>
  Label
</button>
`;

exports[`Button > snapshots > outline / lg 1`] = `
<button
  class="inline-flex items-center justify-center gap-1.5 transition-[color,background-color,border-color,transform] duration-100 disabled:pointer-events-none disabled:opacity-50 [&_svg]:pointer-events-none [&_svg]:shrink-0 active:scale-[0.97] rounded-md whitespace-nowrap focus-visible:outline-none focus-visible:ring-2 focus-visible:ring-offset-1 border border-border bg-transparent text-foreground font-normal hover:bg-muted/50 active:bg-muted focus-visible:ring-ring h-10 px-3.5 text-lg [&_svg]:size-5"
>
  Label
</button>
`;

exports[`Button > snapshots > outline / selected 1`] = `
<button
  aria-pressed="true"
  class="inline-flex items-center justify-center gap-1.5 transition-[color,background-color,border-color,transform] duration-100 disabled:pointer-events-none disabled:opacity-50 [&_svg]:pointer-events-none [&_svg]:shrink-0 active:scale-[0.97] rounded-md whitespace-nowrap focus-visible:outline-none focus-visible:ring-2 focus-visible:ring-offset-1 border font-normal hover:bg-muted/50 active:bg-muted focus-visible:ring-ring border-primary bg-accent text-accent-foreground h-8 px-2.5 text-base [&_svg]:size-4"
>
  Label
</button>
`;

exports[`Button > snapshots > outline / sm 1`] = `
<button
  class="inline-flex items-center justify-center gap-1.5 transition-[color,background-color,border-color,transform] duration-100 disabled:pointer-events-none disabled:opacity-50 [&_svg]:pointer-events-none [&_svg]:shrink-0 active:scale-[0.97] rounded-md whitespace-nowrap focus-visible:outline-none focus-visible:ring-2 focus-visible:ring-offset-1 border border-border bg-transparent text-foreground font-normal hover:bg-muted/50 active:bg-muted focus-visible:ring-ring h-6 px-1.5 text-sm [&_svg]:size-3"
>
  Label
</button>
`;

exports[`Button > snapshots > primary / default 1`] = `
<button
  class="inline-flex items-center justify-center gap-1.5 transition-[color,background-color,border-color,transform] duration-100 disabled:pointer-events-none disabled:opacity-50 [&_svg]:pointer-events-none [&_svg]:shrink-0 active:scale-[0.97] rounded-md whitespace-nowrap focus-visible:outline-none focus-visible:ring-2 focus-visible:ring-offset-1 bg-primary text-primary-foreground font-normal hover:bg-primary/90 active:bg-primary/85 focus-visible:ring-ring h-8 px-2.5 text-base [&_svg]:size-4"
>
  Label
</button>
`;

exports[`Button > snapshots > primary / lg 1`] = `
<button
  class="inline-flex items-center justify-center gap-1.5 transition-[color,background-color,border-color,transform] duration-100 disabled:pointer-events-none disabled:opacity-50 [&_svg]:pointer-events-none [&_svg]:shrink-0 active:scale-[0.97] rounded-md whitespace-nowrap focus-visible:outline-none focus-visible:ring-2 focus-visible:ring-offset-1 bg-primary text-primary-foreground font-normal hover:bg-primary/90 active:bg-primary/85 focus-visible:ring-ring h-10 px-3.5 text-lg [&_svg]:size-5"
>
  Label
</button>
`;

exports[`Button > snapshots > primary / sm 1`] = `
<button
  class="inline-flex items-center justify-center gap-1.5 transition-[color,background-color,border-color,transform] duration-100 disabled:pointer-events-none disabled:opacity-50 [&_svg]:pointer-events-none [&_svg]:shrink-0 active:scale-[0.97] rounded-md whitespace-nowrap focus-visible:outline-none focus-visible:ring-2 focus-visible:ring-offset-1 bg-primary text-primary-foreground font-normal hover:bg-primary/90 active:bg-primary/85 focus-visible:ring-ring h-6 px-1.5 text-sm [&_svg]:size-3"
>
  Label
</button>
`;

exports[`Button > snapshots > transparent / default 1`] = `
<button
  class="inline-flex items-center justify-center gap-1.5 transition-[color,background-color,border-color,transform] duration-100 disabled:pointer-events-none disabled:opacity-50 [&_svg]:pointer-events-none [&_svg]:shrink-0 active:scale-[0.97] rounded-md whitespace-nowrap focus-visible:outline-none focus-visible:ring-2 focus-visible:ring-offset-1 bg-transparent text-foreground/70 font-normal hover:bg-muted/50 hover:text-foreground active:bg-muted focus-visible:ring-ring h-8 px-2.5 text-base [&_svg]:size-4"
>
  Label
</button>
`;

exports[`Button > snapshots > transparent / lg 1`] = `
<button
  class="inline-flex items-center justify-center gap-1.5 transition-[color,background-color,border-color,transform] duration-100 disabled:pointer-events-none disabled:opacity-50 [&_svg]:pointer-events-none [&_svg]:shrink-0 active:scale-[0.97] rounded-md whitespace-nowrap focus-visible:outline-none focus-visible:ring-2 focus-visible:ring-offset-1 bg-transparent text-foreground/70 font-normal hover:bg-muted/50 hover:text-foreground active:bg-muted focus-visible:ring-ring h-10 px-3.5 text-lg [&_svg]:size-5"
>
  Label
</button>
`;

exports[`Button > snapshots > transparent / sm 1`] = `
<button
  class="inline-flex items-center justify-center gap-1.5 transition-[color,background-color,border-color,transform] duration-100 disabled:pointer-events-none disabled:opacity-50 [&_svg]:pointer-events-none [&_svg]:shrink-0 active:scale-[0.97] rounded-md whitespace-nowrap focus-visible:outline-none focus-visible:ring-2 focus-visible:ring-offset-1 bg-transparent text-foreground/70 font-normal hover:bg-muted/50 hover:text-foreground active:bg-muted focus-visible:ring-ring h-6 px-1.5 text-sm [&_svg]:size-3"
>
  Label
</button>
`;
